============================= test session starts =============================
platform win32 -- Python 3.13.11, pytest-8.1.1, pluggy-1.6.0 -- C:\Users\anshg\miniconda3\python.exe
cachedir: .pytest_cache
rootdir: D:\MBA Tech\ML_Project\AutoML\automl-pro
configfile: pyproject.toml
plugins: anyio-4.12.1, Faker-24.2.0, hydra-core-1.3.2, asyncio-0.23.6, cov-5.0.0, mock-3.14.0, typeguard-4.5.1
asyncio: mode=Mode.AUTO
collecting ... collected 4 items

tests/unit/test_data.py::test_data_ingestion_csv FAILED                  [ 25%]
tests/unit/test_data.py::test_data_validation_basic FAILED               [ 50%]
tests/unit/test_data.py::test_data_splitter_stratified PASSED            [ 75%]
tests/unit/test_data.py::test_data_splitter_random PASSED                [100%]

================================== FAILURES ===================================
___________________________ test_data_ingestion_csv ___________________________
tests\unit\test_data.py:16: in test_data_ingestion_csv
    assert "data" in result
C:\Users\anshg\miniconda3\Lib\site-packages\pandas\core\generic.py:1580: in __nonzero__
    raise ValueError(
E   ValueError: The truth value of a DataFrame is ambiguous. Use a.empty, a.bool(), a.item(), a.any() or a.all().
---------------------------- Captured stderr call -----------------------------
2026-02-23 22:41:48.747 | DEBUG    | src.utils.validators:validate_file_path:47 - Validated file path: C:\\Users\\anshg\\AppData\\Local\\Temp\\pytest-of-anshg\\pytest-1\\test_data_ingestion_csv0\\sample.csv\n2026-02-23 22:41:48.748 | INFO     | src.data.ingestion:load:80 - Loading data from: C:\\Users\\anshg\\AppData\\Local\\Temp\\pytest-of-anshg\\pytest-1\\test_data_ingestion_csv0\\sample.csv [CSV]\n2026-02-23 22:41:48.751 | INFO     | src.utils.timer:__exit__:41 - \u23f1  load_csv took 0.003s\n2026-02-23 22:41:48.754 | INFO     | src.utils.memory:reduce_memory_usage:62 - Memory reduced: 0.00 MB \u2192 0.00 MB (35.7% reduction)\n2026-02-23 22:41:48.756 | INFO     | src.data.ingestion:load:91 - Data loaded successfully | shape=(5, 3) | memory=0.00MB
_________________________ test_data_validation_basic __________________________
tests\unit\test_data.py:25: in test_data_validation_basic
    assert "issues" in report
E   assert 'issues' in {'errors': [], 'passed': True, 'stats': {'constant_columns': ['text_col'], 'duplicate_pct': 0.0, 'duplicate_rows': 0, 'high_cardinality_columns': [], ...}, 'warnings': [{'column': 'text_col', 'message': "Column 'text_col' has only one unique value (constant)", 'rule': 'constant_column'}]}
---------------------------- Captured stderr call -----------------------------
2026-02-23 22:41:48.994 | WARNING  | src.data.validation:_log_report:217 - \u26a0\ufe0f  Data validation: 1 warning(s), 0 error(s)

---------- coverage: platform win32, python 3.13.11-final-0 ----------
Name                                              Stmts   Miss  Cover   Missing
-------------------------------------------------------------------------------
src\dashboard\app.py                                 32     32     0%   5-110
src\dashboard\components\charts.py                   66     66     0%   5-201
src\dashboard\components\widgets.py                  50     50     0%   4-99
src\dashboard\pages\01_data_overview.py              45     45     0%   5-95
src\dashboard\pages\02_training_results.py           45     45     0%   5-69
src\dashboard\pages\03_model_explain.py              55     55     0%   5-88
src\dashboard\pages\04_predictions.py                83     83     0%   5-134
src\dashboard\pages\05_monitoring.py                 65     65     0%   5-116
src\dashboard\pages\page_01_data_overview.py         78     78     0%   5-150
src\dashboard\pages\page_02_training_results.py      45     45     0%   5-69
src\dashboard\pages\page_03_model_explain.py         55     55     0%   5-88
src\dashboard\pages\page_04_predictions.py          103    103     0%   5-172
src\dashboard\pages\page_05_monitoring.py            65     65     0%   5-116
src\data\ingestion.py                                76     26    66%   75, 84-85, 107-121, 137, 140-141, 144-145, 148, 151, 156, 192-193
src\data\profiling.py                                57     57     0%   6-148
src\data\splitter.py                                 87     33    62%   53, 82, 86, 96, 122-123, 151-152, 160-178, 183-195
src\data\validation.py                               88     22    75%   73, 93-108, 118, 125, 136, 150, 173, 186-190, 198, 205, 215, 219-220
src\data\versioning.py                               70     70     0%   6-126
src\deployment\api.py                               124    124     0%   5-249
src\deployment\batch_predictor.py                    46     46     0%   4-95
src\deployment\middleware.py                         24     24     0%   4-40
src\deployment\schemas.py                            44     44     0%   4-88
src\deployment\serializer.py                         48     48     0%   4-97
src\evaluation\calibration.py                        53     53     0%   5-111
src\evaluation\cross_validator.py                    49     49     0%   5-110
src\evaluation\error_analysis.py                     25     25     0%   5-71
src\evaluation\explainability.py                     87     87     0%   5-199
src\evaluation\fairness.py                           36     36     0%   5-92
src\evaluation\metrics.py                            29     29     0%   4-131
src\evaluation\report_generator.py                   35     35     0%   5-151
src\features\datetime_features.py                    70     70     0%   5-136
src\features\encoder.py                             110    110     0%   6-209
src\features\feature_generator.py                    70     70     0%   5-123
src\features\feature_selector.py                     87     87     0%   6-179
src\features\feature_store.py                        56     56     0%   6-150
src\features\imputer.py                              72     72     0%   6-167
src\features\pipeline.py                            100    100     0%   6-197
src\features\scaler.py                               63     63     0%   5-115
src\features\text_features.py                        71     71     0%   5-123
src\features\type_detector.py                        73     73     0%   6-170
src\main.py                                          81     81     0%   5-144
src\models\base_model.py                             47     47     0%   5-123
src\models\catboost_model.py                         41     41     0%   4-98
src\models\ensemble.py                               98     98     0%   5-189
src\models\hyperparameter_tuner.py                   95     95     0%   5-188
src\models\lightgbm_model.py                         49     49     0%   4-117
src\models\linear_model.py                           54     54     0%   4-122
src\models\model_selector.py                         93     93     0%   4-173
src\models\neural_net_model.py                      135    135     0%   5-202
src\models\trainer.py                               118    118     0%   6-286
src\models\xgboost_model.py                          53     53     0%   4-119
src\monitoring\alerting.py                           78     78     0%   5-145
src\monitoring\data_drift.py                         71     71     0%   5-139
src\monitoring\model_performance.py                  64     64     0%   5-125
src\monitoring\retraining_trigger.py                 36     36     0%   5-98
src\orchestration\pipeline.py                        30     30     0%   5-102
src\orchestration\scheduler.py                       34     34     0%   4-63
src\orchestration\steps.py                           97     97     0%   5-183
src\utils\exceptions.py                              46     14    70%   11-13, 16-18, 38-39, 46, 56, 79, 98, 108, 131
src\utils\logger.py                                  15      7    53%   32-66
src\utils\memory.py                                  54     26    52%   45, 49-56, 79, 97-108, 122-125, 134-145
src\utils\timer.py                                   52     26    50%   46, 59-73, 91-93, 105-116
src\utils\validators.py                              71     49    31%   39, 41, 45, 69-86, 99-101, 116-121, 134-136, 154-178, 194-200
-------------------------------------------------------------------------------
TOTAL                                              4049   3763     7%
Coverage HTML written to dir reports/coverage

FAIL Required test coverage of 70% not reached. Total coverage: 7.06%
=========================== short test summary info ===========================
FAILED tests/unit/test_data.py::test_data_ingestion_csv - ValueError: The tru...
FAILED tests/unit/test_data.py::test_data_validation_basic - assert 'issues' ...
========================= 2 failed, 2 passed in 1.12s =========================
